<html>
<body>
<pre>
<h1>µVision Build Log</h1>
<h2>Project:</h2>
E:\uni\ELEC2142 Lab Manual\2014\labfiles\lab0\first_project\first_project.uvproj
Project File Date:  08/01/2014

<h2>Output:</h2>
Build target 'QVGA Base Board'
assembling LPC2400.s...
compiling IRQ.c...
compiling main.c...
compiling LEDCycle.c...
linking...
Program Size: Code=1744 RO-data=32 RW-data=12 ZI-data=1292  
".\output\first_project.axf" - 0 Error(s), 0 Warning(s).
Load "E:\\uni\\ELEC2142 Lab Manual\\2014\\labfiles\\lab0\\first_project\\output\\first_project.axf" 
Erase Done.
Programming Done.
Verify OK.
Application running ...
