<html>
<body>
<pre>
<h1>µVision Build Log</h1>
<h2>Project:</h2>
C:\FPGA\DESN2000\DESN2000_T11D_A\desn2000_t11d_a.uvproj
Project File Date:  08/07/2026

<h2>Output:</h2>
Build target 'QVGA Base Board'
compiling main.c...
compiling app_logic.c...
compiling delay.c...
compiling light_sensor.c...
compiling dial_temp.c...
compiling doorbell_button.c...
compiling smart_plug_button.c...
compiling touch_input.c...
compiling timebase.c...
compiling audio.c...
compiling blinds.c...
compiling display.c...
compiling heating_cooling.c...
compiling morning_routine.c...
compiling evening_routine.c...
compiling do_not_disturb.c...
compiling doorbell_disco.c...
compiling house_lights.c...
compiling font5x7.c...
compiling lcd_grph.c...
compiling lcd_hw.c...
compiling sdram.c...
linking...
Program Size: Code=17780 RO-data=1568 RW-data=88 ZI-data=616  
".\output\desn2000_t11d_a.axf" - 0 Error(s), 0 Warning(s).
