<html>
<body>
<pre>
<h1>µVision Build Log</h1>
<h2>Project:</h2>
D:\lab2\lab2\signed_cmp\signed_cmp.uvproj
Project File Date:  06/16/2026

<h2>Output:</h2>
Build target 'QVGA Base Board'
linking...
Program Size: Code=1124 RO-data=32 RW-data=8 ZI-data=1384  
".\output\signed_cmp.axf" - 0 Error(s), 0 Warning(s).
Load "D:\\lab2\\lab2\\signed_cmp\\output\\signed_cmp.AXF" 
Internal DLL Error
Build target 'QVGA Base Board'
linking...
Program Size: Code=1124 RO-data=32 RW-data=8 ZI-data=1384  
".\output\signed_cmp.axf" - 0 Error(s), 0 Warning(s).
Load "D:\\lab2\\lab2\\signed_cmp\\output\\signed_cmp.AXF" 
Erase Done.
Programming Done.
Verify OK.
Application running ...
