<html>
<body>
<pre>
<h1>µVision Build Log</h1>
<h2>Project:</h2>
D:\lab2\lab2\basic_arithmetic\basic_arithmetic.uvproj
Project File Date:  06/16/2026

<h2>Output:</h2>
Build target 'QVGA Base Board'
assembling basic_arithmetic.s...
linking...
Program Size: Code=1084 RO-data=16 RW-data=0 ZI-data=1384  
".\output\basic_arithmetic.axf" - 0 Error(s), 0 Warning(s).
Load "D:\\lab2\\lab2\\basic_arithmetic\\output\\basic_arithmetic.AXF" 
Internal DLL Error
Load "D:\\lab2\\lab2\\basic_arithmetic\\output\\basic_arithmetic.AXF" 
Internal DLL Error
Build target 'QVGA Base Board'
linking...
Program Size: Code=1084 RO-data=16 RW-data=0 ZI-data=1384  
".\output\basic_arithmetic.axf" - 0 Error(s), 0 Warning(s).
Load "D:\\lab2\\lab2\\basic_arithmetic\\output\\basic_arithmetic.AXF" 
Build target 'QVGA Base Board'
linking...
Program Size: Code=1084 RO-data=16 RW-data=0 ZI-data=1384  
".\output\basic_arithmetic.axf" - 0 Error(s), 0 Warning(s).
Load "D:\\lab2\\lab2\\basic_arithmetic\\output\\basic_arithmetic.AXF" 
Build target 'QVGA Base Board'
linking...
Program Size: Code=1084 RO-data=16 RW-data=0 ZI-data=1384  
".\output\basic_arithmetic.axf" - 0 Error(s), 0 Warning(s).
Load "D:\\lab2\\lab2\\basic_arithmetic\\output\\basic_arithmetic.AXF" 
Erase Done.
Programming Done.
Verify OK.
Application running ...
Build target 'QVGA Base Board'
linking...
Program Size: Code=1084 RO-data=16 RW-data=0 ZI-data=1384  
".\output\basic_arithmetic.axf" - 0 Error(s), 0 Warning(s).
Load "D:\\lab2\\lab2\\basic_arithmetic\\output\\basic_arithmetic.AXF" 
Erase Done.
Programming Done.
Verify OK.
Application running ...
