<html>
<body>
<pre>
<h1>µVision Build Log</h1>
<h2>Project:</h2>
C:\Users\user\Downloads\lab1\lab1\first_debug\first_debug.uvproj
Project File Date:  06/16/2026

<h2>Output:</h2>
Build target 'QVGA Base Board'
linking...
Program Size: Code=1744 RO-data=32 RW-data=12 ZI-data=1292  
".\output\first_debug.axf" - 0 Error(s), 0 Warning(s).
Load "C:\\Users\\user\\Downloads\\lab1\\lab1\\first_debug\\output\\first_debug.AXF" 
Erase Done.
Programming Done.
Verify OK.
Application running ...
Build target 'QVGA Base Board'
linking...
Program Size: Code=1744 RO-data=32 RW-data=12 ZI-data=1292  
".\output\first_debug.axf" - 0 Error(s), 0 Warning(s).
Load "C:\\Users\\user\\Downloads\\lab1\\lab1\\first_debug\\output\\first_debug.AXF" 
Erase Done.
Programming Done.
Verify OK.
Application running ...
Load "C:\\Users\\user\\Downloads\\lab1\\lab1\\first_debug\\output\\first_debug.AXF" 
Erase Done.
Programming Done.
Verify OK.
Application running ...
Build target 'QVGA Base Board'
compiling LEDCycle.c...
linking...
Program Size: Code=1744 RO-data=32 RW-data=12 ZI-data=1292  
".\output\first_debug.axf" - 0 Error(s), 0 Warning(s).
Load "C:\\Users\\user\\Downloads\\lab1\\lab1\\first_debug\\output\\first_debug.AXF" 
Erase Done.
Programming Done.
Verify OK.
Application running ...
