<html>
<body>
<pre>
<h1>µVision Build Log</h1>
<h2>Project:</h2>
C:\Users\user\Downloads\lab1\lab1\trace\trace.uvproj
Project File Date:  06/16/2026

<h2>Output:</h2>
Build target 'QVGA Base Board'
assembling LPC2400.s...
compiling startup.c...
assembling trace.s...
linking...
Program Size: Code=1112 RO-data=16 RW-data=0 ZI-data=1384  
".\output\trace.axf" - 0 Error(s), 0 Warning(s).
Load "C:\\Users\\user\\Downloads\\lab1\\lab1\\trace\\output\\trace.AXF" 
Erase Done.
Programming Done.
Verify OK.
Application running ...
