<html>
<body>
<pre>
<h1>µVision Build Log</h1>
<h2>Project:</h2>
C:\Users\user\Downloads\lab1\lab1\ldr_basic\ldr_basic.uvproj
Project File Date:  06/16/2026

<h2>Output:</h2>
Build target 'QVGA Base Board'
assembling ldr_basic.s...
linking...
Program Size: Code=1072 RO-data=16 RW-data=0 ZI-data=1384  
".\output\ldr_basic.axf" - 0 Error(s), 0 Warning(s).
Load "C:\\Users\\user\\Downloads\\lab1\\lab1\\ldr_basic\\output\\ldr_basic.AXF" 
Erase Done.
Programming Done.
Verify OK.
Application running ...
Load "C:\\Users\\user\\Downloads\\lab1\\lab1\\ldr_basic\\output\\ldr_basic.AXF" 
Erase Done.
Programming Done.
Verify OK.
Application running ...
Build target 'QVGA Base Board'
assembling ldr_basic.s...
linking...
Program Size: Code=1068 RO-data=16 RW-data=0 ZI-data=1384  
".\output\ldr_basic.axf" - 0 Error(s), 0 Warning(s).
Load "C:\\Users\\user\\Downloads\\lab1\\lab1\\ldr_basic\\output\\ldr_basic.AXF" 
Erase Done.
Programming Done.
Verify OK.
Application running ...
Load "C:\\Users\\user\\Downloads\\lab1\\lab1\\ldr_basic\\output\\ldr_basic.AXF" 
Erase Done.
Programming Done.
Verify OK.
Application running ...
