<html>
<body>
<pre>
<h1>µVision Build Log</h1>
<h2>Project:</h2>
D:\lab2\lab2\ldr_pseudo\ldr_pseudo.uvproj
Project File Date:  06/16/2026

<h2>Output:</h2>
Build target 'QVGA Base Board'
linking...
Program Size: Code=1120 RO-data=32 RW-data=12 ZI-data=1388  
".\output\ldr_pseudo.axf" - 0 Error(s), 0 Warning(s).
Load "D:\\lab2\\lab2\\ldr_pseudo\\output\\ldr_pseudo.AXF" 
Erase Done.
Programming Done.
Verify OK.
Application running ...
Build target 'QVGA Base Board'
linking...
Program Size: Code=1120 RO-data=32 RW-data=12 ZI-data=1388  
".\output\ldr_pseudo.axf" - 0 Error(s), 0 Warning(s).
Load "D:\\lab2\\lab2\\ldr_pseudo\\output\\ldr_pseudo.AXF" 
Internal DLL Error
Build target 'QVGA Base Board'
linking...
Program Size: Code=1120 RO-data=32 RW-data=12 ZI-data=1388  
".\output\ldr_pseudo.axf" - 0 Error(s), 0 Warning(s).
Load "D:\\lab2\\lab2\\ldr_pseudo\\output\\ldr_pseudo.AXF" 
Internal DLL Error
Build target 'QVGA Base Board'
linking...
Program Size: Code=1120 RO-data=32 RW-data=12 ZI-data=1388  
".\output\ldr_pseudo.axf" - 0 Error(s), 0 Warning(s).
Load "D:\\lab2\\lab2\\ldr_pseudo\\output\\ldr_pseudo.AXF" 
Internal DLL Error
Build target 'QVGA Base Board'
linking...
Program Size: Code=1120 RO-data=32 RW-data=12 ZI-data=1388  
".\output\ldr_pseudo.axf" - 0 Error(s), 0 Warning(s).
Load "D:\\lab2\\lab2\\ldr_pseudo\\output\\ldr_pseudo.AXF" 
Erase Done.
Programming Done.
Verify OK.
Application running ...
