<html>
<body>
<pre>
<h1>µVision Build Log</h1>
<h2>Project:</h2>
D:\lab2\lab2\gcd\gcd.uvproj
Project File Date:  06/16/2026

<h2>Output:</h2>
Build target 'QVGA Base Board'
assembling LPC2400.s...
compiling startup.c...
assembling gcd.s...
linking...
Program Size: Code=1076 RO-data=16 RW-data=0 ZI-data=1384  
".\output\gcd.axf" - 0 Error(s), 0 Warning(s).
Load "D:\\lab2\\lab2\\gcd\\output\\gcd.AXF" 
Erase Done.
Programming Done.
Verify OK.
Application running ...
Build target 'QVGA Base Board'
assembling gcd.s...
linking...
Program Size: Code=1076 RO-data=16 RW-data=0 ZI-data=1384  
".\output\gcd.axf" - 0 Error(s), 0 Warning(s).
Load "D:\\lab2\\lab2\\gcd\\output\\gcd.AXF" 
Erase Done.
Programming Done.
Verify OK.
Application running ...
Build target 'QVGA Base Board'
assembling gcd.s...
linking...
Program Size: Code=1076 RO-data=16 RW-data=0 ZI-data=1384  
".\output\gcd.axf" - 0 Error(s), 0 Warning(s).
Load "D:\\lab2\\lab2\\gcd\\output\\gcd.AXF" 
Erase Done.
Programming Done.
Verify OK.
Application running ...
Build target 'QVGA Base Board'
assembling gcd.s...
linking...
Program Size: Code=1076 RO-data=16 RW-data=0 ZI-data=1384  
".\output\gcd.axf" - 0 Error(s), 0 Warning(s).
Load "D:\\lab2\\lab2\\gcd\\output\\gcd.AXF" 
Erase Done.
Programming Done.
Verify OK.
Application running ...
Build target 'QVGA Base Board'
assembling gcd.s...
linking...
Program Size: Code=1076 RO-data=16 RW-data=0 ZI-data=1384  
".\output\gcd.axf" - 0 Error(s), 0 Warning(s).
Load "D:\\lab2\\lab2\\gcd\\output\\gcd.AXF" 
Erase Done.
Programming Done.
Verify OK.
Application running ...
Build target 'QVGA Base Board'
assembling gcd.s...
linking...
Program Size: Code=1076 RO-data=16 RW-data=0 ZI-data=1384  
".\output\gcd.axf" - 0 Error(s), 0 Warning(s).
Load "D:\\lab2\\lab2\\gcd\\output\\gcd.AXF" 
Erase Done.
Programming Done.
Verify OK.
Application running ...
